filegroup(
    name = "all_files",
    testonly = True,
    srcs = [],
    visibility = ["//visibility:public"],
)
